2026-01-04 15:41:33 - INFO - Initialized Pipeline: Source=./data/processed/, Output=./data/training_dataset/
2026-01-04 15:41:33 - INFO - ========== STEP 1: SPLITTING DATASET ==========
2026-01-04 15:41:33 - INFO - Found total 1693 videos across 10 classes.
2026-01-04 15:41:33 - INFO - Split Ratios: Train=1185, Val=254, Test=254
2026-01-04 15:41:33 - INFO - Moving 1185 files to 'train' set...
2026-01-04 15:41:34 - INFO - Moving 254 files to 'val' set...
2026-01-04 15:41:34 - INFO - Moving 254 files to 'test' set...
2026-01-04 15:41:34 - INFO - Splitting Completed Successfully.
2026-01-04 15:41:34 - INFO - ========== STEP 2: BALANCING & AUGMENTING (TRAIN ONLY) ==========
2026-01-04 15:41:34 - INFO - Current Class Distribution: {'brush_hair': 75, 'climb_stairs': 78, 'drink': 115, 'eat': 76, 'fall_floor': 95, 'pick': 74, 'push': 81, 'sit': 99, 'stand': 108, 'walk': 384}
2026-01-04 15:41:34 - INFO - Target set to: 384 videos/class
2026-01-04 15:41:34 - INFO - Generating 309 augmented videos for class 'brush_hair'...
2026-01-04 15:44:33 - INFO - Generating 306 augmented videos for class 'climb_stairs'...
2026-01-04 15:45:19 - INFO - Generating 269 augmented videos for class 'drink'...
2026-01-04 15:46:09 - INFO - Generating 308 augmented videos for class 'eat'...
2026-01-04 15:46:59 - INFO - Generating 289 augmented videos for class 'fall_floor'...
2026-01-04 15:47:42 - INFO - Generating 310 augmented videos for class 'pick'...
2026-01-04 15:48:41 - INFO - Generating 303 augmented videos for class 'push'...
2026-01-04 15:49:31 - INFO - Generating 285 augmented videos for class 'sit'...
2026-01-04 15:50:12 - INFO - Generating 276 augmented videos for class 'stand'...
2026-01-04 15:50:46 - INFO - Class 'walk' is balanced (Count: 384). Skipping.
2026-01-04 15:50:46 - INFO - Augmentation Finished. Total new videos created: 2655
2026-01-04 15:50:46 - INFO - Final Class Distribution: {'brush_hair': 384, 'climb_stairs': 384, 'drink': 384, 'eat': 384, 'fall_floor': 384, 'pick': 384, 'push': 384, 'sit': 384, 'stand': 384, 'walk': 384}
